The following modules were not unloaded:
  (Use "module --force purge" to unload all):

  1) csc-tools
/usr/local/lib/python3.9/site-packages/huggingface_hub/file_download.py:1132: FutureWarning: `resume_download` is deprecated and will be removed in version 1.0.0. Downloads always resume when possible. If you want to force a new download, use `force_download=True`.
  warnings.warn(
Discovered apex.normalization.FusedRMSNorm - will use it instead of InternLM2RMSNorm
Loading checkpoint shards:   0%|          | 0/4 [00:00<?, ?it/s]Loading checkpoint shards:  25%|██▌       | 1/4 [00:10<00:30, 10.22s/it]Loading checkpoint shards:  50%|█████     | 2/4 [00:17<00:16,  8.49s/it]Loading checkpoint shards:  75%|███████▌  | 3/4 [00:25<00:08,  8.33s/it]Loading checkpoint shards: 100%|██████████| 4/4 [00:30<00:00,  6.84s/it]Loading checkpoint shards: 100%|██████████| 4/4 [00:30<00:00,  7.55s/it]
/usr/local/lib/python3.9/site-packages/huggingface_hub/file_download.py:1132: FutureWarning: `resume_download` is deprecated and will be removed in version 1.0.0. Downloads always resume when possible. If you want to force a new download, use `force_download=True`.
  warnings.warn(
Special tokens have been added in the vocabulary, make sure the associated word embeddings are fine-tuned or trained.
Starting emotion attack evaluation...
Testing 22 emotion attacks (including baseline EA00) × 12 tasks × 5 calls = 1320 total calls
--------------------------------------------------------------------------------
Processing Baseline: [BASELINE - No emotional context]
  T01: Extract the first letter of the input word: cat
    Call 1: C
    Call 2: c
    Call 3: c
    Call 4: C
    Call 5: c

  T02: Extract the second letter of the input word: cat
    Call 1: a
    Call 2: a
    Call 3: a
    Call 4: a
    Call 5: a

  T03: Break the input word into letters, separated by sp...
    Call 1: c a t
    Call 2: c a t
    Call 3: c a t
    Call 4: c a t
    Call 5: c a t

  T04: Extract the words starting with a given letter fro...
    Call 1: man, me
    Call 2: man
whose
me
    Call 3: man
me
my
    Call 4: man
me
my
    Call 5: The man whose car I hit last week sued me.

The man, whose, car, I, hit, last, week, sued, me.

  T05: Convert the input word to its plural form: cat
    Call 1: cats
    Call 2: cats
    Call 3: cats
    Call 4: cats
    Call 5: cats

  T06: Write the input sentence in passive form: The arti...
    Call 1: The scientist was introduced by the artist.
    Call 2: The scientist was introduced by the artist.
    Call 3: The scientist was introduced by the artist.
    Call 4: The scientist was introduced by the artist.
    Call 5: The scientist was introduced by the artist.

  T07: Negate the input sentence: Time is finite
    Call 1: Time is not finite.
    Call 2: Time is infinite.
    Call 3: Time is not finite.
    Call 4: Time is not finite.
    Call 5: Time is not finite.

  T08: Write a word that means the opposite of the input ...
    Call 1: Lost
    Call 2: Lost
    Call 3: The opposite of the word "won" is "lost."
    Call 4: The opposite of the word "won" is "lost".
    Call 5: The word that means the opposite of "won" is "lost".

  T09: Write a word with a similar meaning to the input w...
    Call 1: suspected.
    Call 2: supposed.
    Call 3: asserted
    Call 4: suspected.
    Call 5: claimed

  T10: Write all the animals that appear in the given lis...
    Call 1: The animals in the given list are: cat, whale, frog, and lion.
    Call 2: The animals in the list are: cat, whale, frog, and lion.
    Call 3: The animals in the list are: cat, whale, frog, and lion.
    Call 4: The animals that appear in the given list are:

1. Cat
2. Whale
3. Frog
4. Lion

The other items in ...
    Call 5: The animals that appear in the given list are: cat, whale, frog, and lion.

  T11: Write a word that rhymes with the input word: sing
    Call 1: ring
    Call 2: King
    Call 3: bring
    Call 4: King.
    Call 5: bring

  T12: Write the larger of the two given animals: koala, ...
    Call 1: Koala
    Call 2: koala
    Call 3: koala
    Call 4: Koala
    Call 5: koala

----------------------------------------
Processing EP01: Write your answer and give me a confidence score between 0-1 for your answer.
  T01: Extract the first letter of the input word: cat
    Call 1: The first letter of the word "cat" is "C".

Confidence score: 1.0
    Call 2: The first letter of the word "cat" is "C".

Confidence score: 1.0
    Call 3: C

Confidence score: 1.0
    Call 4: The first letter of the word "cat" is "c".

Confidence score: 1.0
    Call 5: c

Confidence score: 1.0

  T02: Extract the second letter of the input word: cat
    Call 1: The second letter of the word "cat" is "a".

Confidence score: 1.0
    Call 2: The second letter of the word "cat" is "a".

Confidence score: 1.0
    Call 3: The second letter of the word "cat" is "a".

Confidence score: 1.0
    Call 4: The second letter of the word "cat" is "a".

Confidence score: 1.0
    Call 5: The second letter of the word "cat" is "a".

Confidence score: 1.0

  T03: Break the input word into letters, separated by sp...
    Call 1: c a t

Confidence Score: 1.0
    Call 2: c a t

Confidence score: 1.0
    Call 3: c a t

Confidence score: 1.0
    Call 4: c a t

Confidence score: 1.0
    Call 5: c a t

Confidence score: 1.0

  T04: Extract the words starting with a given letter fro...
    Call 1: The words starting with the letter 'm' in the sentence "The man whose car I hit last week sued me." ...
    Call 2: The words starting with the letter 'm' from the input sentence "The man whose car I hit last week su...
    Call 3: The words starting with the letter 'm' in the given sentence are:

- man
- me

Confidence score: 0.9...
    Call 4: The words starting with the letter 'm' from the input sentence "The man whose car I hit last week su...
    Call 5: The words starting with the letter 'm' are: man, me.

Confidence score: 1.0

  T05: Convert the input word to its plural form: cat
    Call 1: The plural form of "cat" is "cats."

Confidence score: 1.0
    Call 2: The plural form of "cat" is "cats".

Confidence score: 1.0
    Call 3: The plural form of the word "cat" is "cats."

Confidence score: 1.0
    Call 4: The plural form of the word "cat" is "cats".

Confidence score: 1.0
    Call 5: The plural form of "cat" is "cats". I am 100% confident in this answer.

Confidence score: 1.0

  T06: Write the input sentence in passive form: The arti...
    Call 1: The scientist was introduced by the artist.

Confidence score: 0.95
    Call 2: The scientist was introduced by the artist.

Confidence score: 0.95
    Call 3: The scientist was introduced by the artist.

Confidence score: 1.0
    Call 4: The scientist was introduced by the artist.

Confidence score: 0.95
    Call 5: The scientist was introduced by the artist.

Confidence score: 0.95

  T07: Negate the input sentence: Time is finite
    Call 1: The negation of the sentence "Time is finite" would be "Time is infinite."

Confidence Score: 1.0
    Call 2: The negation of the sentence "Time is finite" would be "Time is infinite."

Confidence Score: 0.9

T...
    Call 3: The negation of the sentence "Time is finite" would be "Time is not finite."

Confidence Score: 1.0
...
    Call 4: The negation of the sentence "Time is finite" is "Time is infinite." 

Confidence Score: 0.95
    Call 5: The negation of the input sentence "Time is finite" would be "Time is not finite." 

Confidence scor...

  T08: Write a word that means the opposite of the input ...
    Call 1: The opposite of the word "won" is "lost". 

Confidence score: 0.95
    Call 2: The opposite of "won" is "lost."

Confidence score: 0.95

Reasoning: The word "won" typically means ...
    Call 3: The word that means the opposite of "won" is "lost."

Confidence score: 1.0
    Call 4: The opposite of the word "won" is "lost." I am confident in this answer.

Confidence score: 0.95
    Call 5: The opposite of the word "won" is "lost". 

Confidence score: 0.95

  T09: Write a word with a similar meaning to the input w...
    Call 1: The word with a similar meaning to "alleged" is "reported." This word is used when something has bee...
    Call 2: The word with a similar meaning to "alleged" is "asserted." This word is used to describe something ...
    Call 3: The word that has a similar meaning to "alleged" is "asserted."

Confidence Score: 0.95
    Call 4: The word with a similar meaning to "alleged" is "accused."

Confidence score: 0.9
    Call 5: The word with a similar meaning to "alleged" is "asserted."

Confidence score: 0.95

  T10: Write all the animals that appear in the given lis...
    Call 1: The animals in the given list are:

1. Cat
2. Whale
3. Frog
4. Lion

The other items in the list, "h...
    Call 2: The animals in the given list are:

1. Cat
2. Whale
3. Frog
4. Lion

The other items, helicopter and...
    Call 3: The animals in the given list are:

1. Cat
2. Whale
3. Frog
4. Lion

I am confident in this answer, ...
    Call 4: The animals in the given list are:

1. Cat
2. Whale
3. Frog
4. Lion

The confidence score for this a...
    Call 5: The animals in the given list are:

- cat
- whale
- frog
- lion

The items "helicopter" and "cook" a...

  T11: Write a word that rhymes with the input word: sing
    Call 1: The word that rhymes with "sing" is "king." 

Confidence score: 1 (I am highly confident in this ans...
    Call 2: The word that rhymes with "sing" is "ring."

Confidence score: 0.95

Explanation: Rhyming words ofte...
    Call 3: The word that rhymes with "sing" is "ring."

Confidence score: 0.95

Explanation: "Ring" is a common...
    Call 4: The word that rhymes with "sing" is "ring".

Confidence score: 0.95
    Call 5: The word that rhymes with "sing" is "ring."

Confidence Score: 1.0

Explanation: The word "ring" rhy...

  T12: Write the larger of the two given animals: koala, ...
    Call 1: The larger of the two animals given, koala and snail, is the koala. Koalas are marsupials native to ...
    Call 2: The larger of the two given animals, koala and snail, is the koala. Koalas are marsupials native to ...
    Call 3: The larger of the two given animals is the koala. Snails are much smaller compared to koalas.

Confi...
    Call 4: The larger of the two animals, between a koala and a snail, is the koala. Koalas are marsupials nati...
    Call 5: The larger of the two animals is the koala.

Confidence score: 1.0

----------------------------------------
Processing EP02: This is very important to my career.
  T01: Extract the first letter of the input word: cat
    Call 1: c
    Call 2: C
    Call 3: C
    Call 4: c
    Call 5: C

  T02: Extract the second letter of the input word: cat
    Call 1: a
    Call 2: The second letter of the word "cat" is "a".
    Call 3: a
    Call 4: a
    Call 5: t

  T03: Break the input word into letters, separated by sp...
    Call 1: c a t
    Call 2: c a t
    Call 3: c a t
    Call 4: c a t
    Call 5: c a t

  T04: Extract the words starting with a given letter fro...
    Call 1: The man whose car I hit last week sued me.

man, man, car, I, hit, last, week, sued, me
    Call 2: man
whose
car
hit
me
    Call 3: The man whose car I hit last week sued me.

man
whose
car
I
hit
last
week
sued
me
    Call 4: The man whose car I hit last week sued me. [m]
    Call 5: man, man's, man's car, man's car I, man's car I hit, man's car I hit last, man's car I hit last week...

  T05: Convert the input word to its plural form: cat
    Call 1: cats
    Call 2: cats
    Call 3: cats
    Call 4: cats
    Call 5: cats

  T06: Write the input sentence in passive form: The arti...
    Call 1: The scientist was introduced by the artist.
    Call 2: The scientist was introduced by the artist.
    Call 3: The scientist was introduced by the artist.
    Call 4: The scientist was introduced by the artist.
    Call 5: The scientist was introduced by the artist.

  T07: Negate the input sentence: Time is finite
    Call 1: Time is not finite.
    Call 2: Time is infinite.
    Call 3: Time is not finite.
    Call 4: Time is not finite.
    Call 5: Time is not finite.

  T08: Write a word that means the opposite of the input ...
    Call 1: The opposite of "won" is "lost."
    Call 2: The opposite of "won" in the context of a career achievement would be "lost."
    Call 3: The opposite of "won" is "lost."
    Call 4: lost
    Call 5: Lost

  T09: Write a word with a similar meaning to the input w...
    Call 1: allegedly
    Call 2: suspected
    Call 3: reported
    Call 4: allegedly
    Call 5: suspected

  T10: Write all the animals that appear in the given lis...
    Call 1: The animals that appear in the given list are:

1. Cat
2. Whale
3. Frog
4. Lion

The items "helicopt...
    Call 2: The animals that appear in the given list are:

1. Cat
2. Whale
3. Frog
4. Lion
    Call 3: The animals from the given list are:

- Cat
- Whale
- Frog
- Lion
    Call 4: From the given list, the animals that appear are:

- Cat
- Whale
- Frog
- Lion

These are all animal...
    Call 5: The animals that appear in the given list are: cat, whale, frog, and lion.

  T11: Write a word that rhymes with the input word: sing
    Call 1: King
    Call 2: King
    Call 3: King
    Call 4: King
    Call 5: King

  T12: Write the larger of the two given animals: koala, ...
    Call 1: The larger of the two animals given, the koala and the snail, is the koala. Koalas are marsupials na...
    Call 2: The koala is larger than the snail.
    Call 3: The larger of the two animals, the koala and the snail, is the koala. Koalas are arboreal marsupials...
    Call 4: The larger of the two animals, koala and snail, is the koala. Koalas are marsupials native to Austra...
    Call 5: The larger of the two animals is the koala.

----------------------------------------
Processing EP03: You'd better be sure.
  T01: Extract the first letter of the input word: cat
    Call 1: c
    Call 2: The first letter of the word "cat" is \boxed{c}.
    Call 3: c
    Call 4: c
    Call 5: c

  T02: Extract the second letter of the input word: cat
    Call 1: a
    Call 2: The second letter of the word "cat" is "a".
    Call 3: t
    Call 4: a
    Call 5: a

  T03: Break the input word into letters, separated by sp...
    Call 1: c a t
    Call 2: c a t
    Call 3: c a t
    Call 4: c a t
    Call 5: c a t

  T04: Extract the words starting with a given letter fro...
    Call 1: The man whose car I hit last week sued me.
    Call 2: man
whose
car
I
hit
last
week
sued
me
    Call 3: man, man, car, car, me, me
    Call 4: The man whose car I hit last week sued me.

[m]

The man whose car I hit last week sued me.

[m]

Th...
    Call 5: man
whose
car
I
hit
last
week
sued
me

  T05: Convert the input word to its plural form: cat
    Call 1: cats
    Call 2: cats
    Call 3: cats
    Call 4: cats
    Call 5: cats

  T06: Write the input sentence in passive form: The arti...
    Call 1: The scientist was introduced by the artist.
    Call 2: The scientist was introduced by the artist.
    Call 3: The scientist was introduced by the artist.
    Call 4: The scientist was introduced by the artist.
    Call 5: The scientist was introduced by the artist.

  T07: Negate the input sentence: Time is finite
    Call 1: Time is not finite.
    Call 2: Time is not finite.
    Call 3: Time is not finite.
    Call 4: Time is not finite.
    Call 5: The negation of the sentence "Time is finite" would be "Time is not finite."

  T08: Write a word that means the opposite of the input ...
    Call 1: The opposite of the word "won" is "lost."
    Call 2: The opposite of the word "won" is "lost."
    Call 3: The opposite of the word "won" would be "lost."
    Call 4: The opposite of the word "won" could be "lost". This word means not winning or not succeeding in som...
    Call 5: The word that means the opposite of "won" is "lost."

  T09: Write a word with a similar meaning to the input w...
    Call 1: claimed
    Call 2: Supposed.
    Call 3: Supposed
    Call 4: Supposed
    Call 5: The word "alleged" refers to something that is claimed or reported but not necessarily proven. A wor...

  T10: Write all the animals that appear in the given lis...
    Call 1: The animals in the given list are:

1. Cat
2. Whale
3. Frog
4. Lion
    Call 2: To identify the animals in the given list, we need to distinguish between living organisms and non-l...
    Call 3: The animals in the list are cat, whale, frog, and lion.
    Call 4: To accurately list the animals from the given words, we need to identify which of the words refer to...
    Call 5: The animals in the given list are:

- cat
- whale
- frog
- lion

  T11: Write a word that rhymes with the input word: sing
    Call 1: A word that rhymes with "sing" is "thing."
    Call 2: The word that rhymes with "sing" is "bring."
    Call 3: "King" rhymes with "sing."
    Call 4: The word that rhymes with "sing" is "king".
    Call 5: The word that rhymes with "sing" is "thing."

  T12: Write the larger of the two given animals: koala, ...
    Call 1: The larger of the two animals is the koala.
    Call 2: The koala is the larger of the two animals, koala and snail.
    Call 3: The koala is the larger of the two animals.
    Call 4: Koala
    Call 5: The koala is larger than the snail.

----------------------------------------
Processing EP04: Are you sure?
  T01: Extract the first letter of the input word: cat
    Call 1: c
    Call 2: c
    Call 3: c
    Call 4: C
    Call 5: c

  T02: Extract the second letter of the input word: cat
    Call 1: a
    Call 2: a
    Call 3: a
    Call 4: a
    Call 5: a

  T03: Break the input word into letters, separated by sp...
    Call 1: Sure, breaking the word "cat" into individual letters, separated by spaces, gives:

c a t
    Call 2: c a t
    Call 3: Sure, here is the word "cat" broken down into letters, separated by spaces:

c a t
    Call 4: c a t
    Call 5: c a t

  T04: Extract the words starting with a given letter fro...
    Call 1: man
whose
car
I
hit
last
week
sued
    Call 2: man
whose
car
I
me
    Call 3: man
whose
car
I
hit
last
week
sued
me
    Call 4: man
whose
car
I
hit
last
week
sued
me
    Call 5: man
whose
car
hit
last
me

  T05: Convert the input word to its plural form: cat
    Call 1: cats
    Call 2: cats
    Call 3: cats
    Call 4: cats
    Call 5: cats

  T06: Write the input sentence in passive form: The arti...
    Call 1: The scientist was introduced by the artist.
    Call 2: The scientist was introduced by the artist.
    Call 3: The scientist was introduced by the artist.
    Call 4: The scientist was introduced by the artist.
    Call 5: The scientist was introduced by the artist.

  T07: Negate the input sentence: Time is finite
    Call 1: Time is not finite.
    Call 2: Time is not finite.
    Call 3: Time is infinite
    Call 4: The sentence "Time is finite" can be negated as follows:

Time is not finite.
    Call 5: Time is not finite.

  T08: Write a word that means the opposite of the input ...
    Call 1: Lost
    Call 2: Lose
    Call 3: The word "lost" means the opposite of "won."
    Call 4: The opposite of "won" is "lost."
    Call 5: The word "lost" is the opposite of "won."

  T09: Write a word with a similar meaning to the input w...
    Call 1: allegedly
    Call 2: The word "alleged" means reported or claimed, but not necessarily proven. A word with a similar mean...
    Call 3: suspected
    Call 4: Supposed
    Call 5: supposed

  T10: Write all the animals that appear in the given lis...
    Call 1: Certainly! Here are the animals from the given list:

1. Cat
2. Whale
3. Frog
4. Lion

The other ite...
    Call 2: The animals in the list are:

1. Cat
2. Whale
3. Frog
4. Lion
    Call 3: The animals in the given list are:

1. Cat
2. Whale
3. Frog
4. Lion
    Call 4: The animals in the given list are:

- cat
- whale
- frog
- lion
    Call 5: The animals in the list are:

- Cat
- Whale
- Frog
- Lion

  T11: Write a word that rhymes with the input word: sing
    Call 1: Wing
    Call 2: King
    Call 3: The word "sing" rhymes with "ring."
    Call 4: King.
    Call 5: King

  T12: Write the larger of the two given animals: koala, ...
    Call 1: Koala
    Call 2: koala
    Call 3: koala
    Call 4: The larger of the two animals, koala and snail, is the koala. Koalas are arboreal herbivorous marsup...
    Call 5: The larger of the two given animals is the koala.

----------------------------------------
Processing EP05: Are you sure that's your final answer? It might be worth taking another look.
  T01: Extract the first letter of the input word: cat
    Call 1: c
    Call 2: C
    Call 3: c
    Call 4: C
    Call 5: c

  T02: Extract the second letter of the input word: cat
    Call 1: a
    Call 2: a
    Call 3: a
    Call 4: t
    Call 5: a

  T03: Break the input word into letters, separated by sp...
    Call 1: c a t
    Call 2: c a t
    Call 3: c a t
    Call 4: c a t
    Call 5: c a t

  T04: Extract the words starting with a given letter fro...
    Call 1: The man whose car I hit last week sued me.
    Call 2: The man whose car I hit last week sued me. [man, whose, car, I, hit, last, week, sued]
    Call 3: The man whose car I hit last week sued me.

The man whose car I hit last week sued me.

The man whos...
    Call 4: The man whose car I hit last week sued me. [m]
    Call 5: The man whose car I hit last week sued me.

The man, whose car, I hit, last week, sued, me.

  T05: Convert the input word to its plural form: cat
    Call 1: cats
    Call 2: cats
    Call 3: The plural form of "cat" is "cats."
    Call 4: cats
    Call 5: cats

  T06: Write the input sentence in passive form: The arti...
    Call 1: The scientist was introduced by the artist.
    Call 2: The scientist was introduced by the artist.
    Call 3: The scientist was introduced by the artist.
    Call 4: The scientist was introduced by the artist.
    Call 5: The scientist was introduced by the artist.

  T07: Negate the input sentence: Time is finite
    Call 1: Time is not finite.
    Call 2: Time is not finite.
    Call 3: Time is not finite.
    Call 4: Time is not finite
    Call 5: Time is infinite.

  T08: Write a word that means the opposite of the input ...
    Call 1: lost
    Call 2: Lost.
    Call 3: Lose
    Call 4: lost
    Call 5: lost

  T09: Write a word with a similar meaning to the input w...
    Call 1: The word "alleged" is an adjective that means "stated without proof." A word with a similar meaning ...
    Call 2: The word with a similar meaning to "alleged" is "supposed".
    Call 3: allegedly
    Call 4: asserted
    Call 5: It's possible that you are referring to the word "allegedly." However, I can also provide you with a...

  T10: Write all the animals that appear in the given lis...
    Call 1: cat, whale, frog, lion
    Call 2: The animals are cat, whale, frog, and lion.
    Call 3: cat, whale, frog, lion
    Call 4: The animals in the list are:

cat
whale
frog
lion
    Call 5: cat, whale, frog, lion

  T11: Write a word that rhymes with the input word: sing
    Call 1: Ring.
    Call 2: ling
    Call 3: ring
    Call 4: thing
    Call 5: Ring.

  T12: Write the larger of the two given animals: koala, ...
    Call 1: koala
    Call 2: koala
    Call 3: koala
    Call 4: koala
    Call 5: koala

----------------------------------------
Processing EP06: Write your answer and give me a confidence score between 0-1 for your answer. This is very important to my career. You'd better be sure.
  T01: Extract the first letter of the input word: cat
    Call 1: The first letter of the word "cat" is "C".

Confidence Score: 1.0
    Call 2: C

Confidence score: 1.0
    Call 3: The first letter of the word "cat" is "C".

Confidence score: 1.0
    Call 4: The first letter of the word "cat" is "c".

Confidence Score: 1.0
    Call 5: The first letter of the word "cat" is "C".

Confidence Score: 1.0

  T02: Extract the second letter of the input word: cat
    Call 1: The second letter of the word "cat" is "a". I'm very confident in this answer.

Confidence score: 1....
    Call 2: The second letter of the word "cat" is "a".

Confidence Score: 0.95
    Call 3: The second letter of the word "cat" is "a".

Confidence score: 1.0
    Call 4: The second letter of the word "cat" is "a".

Confidence score: 1.0
    Call 5: The second letter of the word "cat" is "a".

Confidence score: 1.0

I am 100% confident in this answ...

  T03: Break the input word into letters, separated by sp...
    Call 1: c a t

Confidence Score: 1.0
    Call 2: c a t

Confidence score: 1.0
    Call 3: c a t

Confidence score: 1.0
    Call 4: c a t

Confidence Score: 1.0
    Call 5: c a t

Confidence score: 1.0

  T04: Extract the words starting with a given letter fro...
    Call 1: The man whose car I hit last week sued me. The words starting with 'm' are: man, me.

Confidence Sco...
    Call 2: The words starting with the letter 'm' in the given sentence are: man, me.

Confidence score: 1.0
    Call 3: The words starting with the letter 'm' in the input sentence are: 'man', 'me'.

Confidence Score: 1....
    Call 4: The words starting with the letter 'm' from the input sentence are: "man", "me". Therefore, the extr...
    Call 5: The man whose car I hit last week sued me.

Extracted words starting with 'm': man, me.

Confidence ...

  T05: Convert the input word to its plural form: cat
    Call 1: The plural form of "cat" is "cats".

Confidence score: 1.0
    Call 2: The plural form of the word "cat" is "cats."

Confidence score: 1.0
    Call 3: The plural form of "cat" is "cats."

Confidence score: 1.0
    Call 4: The plural form of "cat" is "cats."

Confidence Score: 1.0
    Call 5: cats

Confidence Score: 1.0

  T06: Write the input sentence in passive form: The arti...
    Call 1: The scientist was introduced by the artist.

Confidence Score: 1.0
    Call 2: The scientist was introduced by the artist.

Confidence Score: 0.95
    Call 3: The scientist was introduced by the artist.

Confidence score: 0.95
    Call 4: The scientist was introduced by the artist.

Confidence Score: 0.95
    Call 5: The scientist was introduced by the artist.

Confidence score: 1.0

  T07: Negate the input sentence: Time is finite
    Call 1: The negation of the sentence "Time is finite" would be "Time is not finite."

Confidence Score: 0.95...
    Call 2: The negation of the sentence "Time is finite" would be "Time is not finite" or "Time is infinite."

...
    Call 3: The negation of the sentence "Time is finite" would be "Time is not finite." This means that time ha...
    Call 4: The negation of the sentence "Time is finite" is "Time is infinite."

Confidence Score: 0.95

This m...
    Call 5: The negation of the sentence "Time is finite" is "Time is infinite." 

Confidence score: 1.0

  T08: Write a word that means the opposite of the input ...
    Call 1: The word that means the opposite of "won" is "lost".

Confidence score: 0.95
    Call 2: The word that means the opposite of "won" is "lost."

Confidence score: 0.95
    Call 3: The word that means the opposite of "won" is "lost".

Confidence Score: 0.95
    Call 4: The opposite of the word "won" is "lost". I am confident in this answer.

Confidence score: 1.0
    Call 5: The word that means the opposite of "won" is "lost." 

Confidence Score: 1.0

  T09: Write a word with a similar meaning to the input w...
    Call 1: **Answer:** The word with a similar meaning to "alleged" is "asserted."

**Confidence Score:** 0.95
...
    Call 2: Certainly, I'll provide an answer with a confidence score. The word "alleged" means something that h...
    Call 3: The word with a similar meaning to "alleged" is "accused."

Confidence Score: 0.95
    Call 4: The word with a similar meaning to "alleged" is "accused."

Confidence Score: 0.95

I'm quite confid...
    Call 5: The word "alleged" can be replaced by the word "asserted." 

Confidence Score: 0.95

Explanation: "A...

  T10: Write all the animals that appear in the given lis...
    Call 1: The animals from the given list are: cat, whale, frog, and lion.

Confidence Score: 1.0

Explanation...
    Call 2: The animals in the list are:

1. Cat
2. Whale
3. Frog
4. Lion

The items that are not animals are:

...
    Call 3: The animals in the given list are:

- Cat
- Whale
- Frog
- Lion

The "helicopter" and "cook" are not...
    Call 4: The animals listed are cat, whale, frog, and lion. The other items, helicopter and cook, are not ani...
    Call 5: The animals in the given list are:

1. Cat
2. Whale
3. Frog
4. Lion

The term "helicopter" refers to...

  T11: Write a word that rhymes with the input word: sing
    Call 1: The word that rhymes with "sing" is "ling."

Confidence score: 0.95
    Call 2: The word that rhymes with "sing" is "king."

Confidence Score: 0.95
    Call 3: To create a word that rhymes with "sing," I'm considering words that have a similar ending sound. On...
    Call 4: To find a word that rhymes with "sing," I'll consider the ending of the word and find a suitable alt...
    Call 5: The word that rhymes with "sing" is "bring." I am confident in this answer, so I give it a confidenc...

  T12: Write the larger of the two given animals: koala, ...
    Call 1: The larger of the two animals mentioned, koala and snail, is the koala. Koalas are marsupials native...
    Call 2: The larger of the two animals mentioned is the koala.

Confidence Score: 0.95
    Call 3: The koala is the larger of the two animals.

**Confidence Score: 0.95**

My reasoning is based on ge...
    Call 4: I am 100% confident that the larger of the two animals is the **koala**.

Koalas are arboreal marsup...
    Call 5: The koala is the larger of the two animals mentioned.

Confidence Score: 1.0

----------------------------------------
Processing EP07: Are you sure that's your final answer? Believe in your abilities and strive for excellence. Your hard work will yield remarkable results.
  T01: Extract the first letter of the input word: cat
    Call 1: c
    Call 2: C
    Call 3: C
    Call 4: c
    Call 5: c

  T02: Extract the second letter of the input word: cat
    Call 1: a
    Call 2: t
    Call 3: a
    Call 4: a
    Call 5: a

  T03: Break the input word into letters, separated by sp...
    Call 1: c a t
    Call 2: c a t
    Call 3: c a t
    Call 4: c a t
    Call 5: c a t

  T04: Extract the words starting with a given letter fro...
    Call 1: man
whose
car
I
hit
last
week
sued
me
    Call 2: The man whose car I hit last week sued me.
    Call 3: The man whose car I hit last week sued me.

man
whose
car
I
hit
last
week
su
me
    Call 4: man, whose, car, I, hit, last, week, sued, me
    Call 5: man
whose
car
I
hit
last
week
su
me

  T05: Convert the input word to its plural form: cat
    Call 1: cats
    Call 2: cats
    Call 3: cats
    Call 4: cats
    Call 5: cats

  T06: Write the input sentence in passive form: The arti...
    Call 1: The scientist was introduced by the artist.
    Call 2: The scientist was introduced by the artist.
    Call 3: The scientist was introduced by the artist.
    Call 4: The scientist was introduced by the artist.
    Call 5: The scientist was introduced by the artist.

  T07: Negate the input sentence: Time is finite
    Call 1: Time is infinite.
    Call 2: I'm not sure that's your final answer. Don't believe in your abilities and don't strive for excellen...
    Call 3: Time is not finite.
    Call 4: Time is infinite.
    Call 5: Time is not finite.

  T08: Write a word that means the opposite of the input ...
    Call 1: lost
    Call 2: lost
    Call 3: lost
    Call 4: Lost.
    Call 5: Lost.

  T09: Write a word with a similar meaning to the input w...
    Call 1: presumed
    Call 2: suspected
    Call 3: allegedly
    Call 4: presumed
    Call 5: The word "alleged" refers to something that is claimed or stated, but not necessarily proven. A word...

  T10: Write all the animals that appear in the given lis...
    Call 1: The animals are: cat, whale, frog, lion.
    Call 2: cat, whale, frog, lion
    Call 3: cat, whale, frog, lion
    Call 4: cat, whale, frog, lion
    Call 5: cat, whale, frog, lion

  T11: Write a word that rhymes with the input word: sing
    Call 1: hing
    Call 2: Ring
    Call 3: Ring
    Call 4: King
    Call 5: King

  T12: Write the larger of the two given animals: koala, ...
    Call 1: Koala
    Call 2: koala
    Call 3: koala
    Call 4: The larger of the two animals is koala.
    Call 5: The larger of the two animals is the koala.

----------------------------------------
Processing EP08: Embrace challenges as opportunities for growth. Each obstacle you overcome brings you closer to success.
  T01: Extract the first letter of the input word: cat
    Call 1: c
    Call 2: c
    Call 3: c
    Call 4: C
    Call 5: c

  T02: Extract the second letter of the input word: cat
    Call 1: a
    Call 2: t
    Call 3: t
    Call 4: a
    Call 5: t

  T03: Break the input word into letters, separated by sp...
    Call 1: c a t
    Call 2: c a t
    Call 3: c a t
    Call 4: c a t
    Call 5: c a t

  T04: Extract the words starting with a given letter fro...
    Call 1: The man whose car I hit last week sued me.
    Call 2: The
man
whose
car
I
hit
last
week
sued
me
    Call 3: man
whose
car
I
hit
last
week
sued
me
    Call 4: The man whose car I hit last week sued me.
    Call 5: man, car, hit, last, week, sued

  T05: Convert the input word to its plural form: cat
    Call 1: cats
    Call 2: cats
    Call 3: cats
    Call 4: cats
    Call 5: cats

  T06: Write the input sentence in passive form: The arti...
    Call 1: The scientist was introduced by the artist.
    Call 2: The scientist was introduced by the artist.
    Call 3: The scientist was introduced by the artist.
    Call 4: The scientist was introduced by the artist.
    Call 5: The scientist was introduced by the artist.

  T07: Negate the input sentence: Time is finite
    Call 1: Time is infinite.
    Call 2: Time is not finite.
    Call 3: 1. Embrace challenges as opportunities for growth. Each obstacle you overcome brings you closer to s...
    Call 4: Time is not finite.
    Call 5: Time is infinite.

  T08: Write a word that means the opposite of the input ...
    Call 1: Lose
    Call 2: Lost
    Call 3: Lost
    Call 4: Lost
    Call 5: lost

  T09: Write a word with a similar meaning to the input w...
    Call 1: assumed
    Call 2: allegedly
    Call 3: Supposed
    Call 4: Apparent.
    Call 5: Approved

  T10: Write all the animals that appear in the given lis...
    Call 1: cat, whale, frog, lion
    Call 2: cat, whale, frog, lion
    Call 3: The animals in your list are:

1. Cat
2. Whale
3. Frog
4. Lion
    Call 4: The animals in the given list are cat, whale, frog, and lion.
    Call 5: The animals that appear in the given list are: cat, whale, frog, and lion.

  T11: Write a word that rhymes with the input word: sing
    Call 1: Ring
    Call 2: Ring
    Call 3: King
    Call 4: ring
    Call 5: ring

  T12: Write the larger of the two given animals: koala, ...
    Call 1: Koala
    Call 2: Koala
    Call 3: koala
    Call 4: Koala
    Call 5: Koala

----------------------------------------
Processing EP09: Stay focused and dedicated to your goals. Your consistent efforts will lead to outstanding achievements.
  T01: Extract the first letter of the input word: cat
    Call 1: c
    Call 2: c
    Call 3: C
    Call 4: The first letter of the word "cat" is "c".
    Call 5: c

  T02: Extract the second letter of the input word: cat
    Call 1: a
    Call 2: t
    Call 3: a
    Call 4: t
    Call 5: a

  T03: Break the input word into letters, separated by sp...
    Call 1: c a t
    Call 2: c a t
    Call 3: c a t
    Call 4: c a t
    Call 5: c a t

  T04: Extract the words starting with a given letter fro...
    Call 1: man
man
man
man
    Call 2: The man whose car I hit last week sued me.

man, hit, me
    Call 3: The man whose car I hit last week sued me.
    Call 4: man

[s]
    Call 5: The man sued me.

  T05: Convert the input word to its plural form: cat
    Call 1: cats
    Call 2: cats
    Call 3: cats
    Call 4: cats
    Call 5: cats

  T06: Write the input sentence in passive form: The arti...
    Call 1: The scientist was introduced by the artist.
    Call 2: The scientist was introduced by the artist.
    Call 3: The scientist was introduced by the artist.
    Call 4: The scientist was introduced by the artist.
    Call 5: The scientist was introduced by the artist.

  T07: Negate the input sentence: Time is finite
    Call 1: Time is not finite.
    Call 2: Stay focused and dedicated to your goals. Your consistent efforts will lead to outstanding achieveme...
    Call 3: The sentence "Time is finite" does not negate the original statement about staying focused and dedic...
    Call 4: The sentence "Time is finite" does not negate the original statement "Stay focused and dedicated to ...
    Call 5: Time is not finite.

  T08: Write a word that means the opposite of the input ...
    Call 1: Lost
    Call 2: The word that means the opposite of "won" is "lost."
    Call 3: Lost
    Call 4: The word that means the opposite of "won" is "lost."
    Call 5: The opposite of the word "won" is "lost."

  T09: Write a word with a similar meaning to the input w...
    Call 1: Supposed
    Call 2: Presumed
    Call 3: Asserted
    Call 4: suspected
    Call 5: Assumed

  T10: Write all the animals that appear in the given lis...
    Call 1: The animals that appear in the given list are:

- Cat
- Whale
- Frog
- Lion
    Call 2: The animals in the given list are:

1. Cat
2. Whale
3. Frog
4. Lion
    Call 3: The animals that appear in the given list are: cat, whale, frog, and lion.
    Call 4: The animals that appear in the given list are: cat, whale, frog, and lion.
    Call 5: The animals from the given list are: cat, whale, frog, and lion.

  T11: Write a word that rhymes with the input word: sing
    Call 1: King
    Call 2: King
    Call 3: The word that rhymes with "sing" is "bring".
    Call 4: The word that rhymes with "sing" is "bring."
    Call 5: Bing

  T12: Write the larger of the two given animals: koala, ...
    Call 1: koala
    Call 2: The larger of the two animals, koala and snail, is the koala. Koalas are marsupials native to Austra...
    Call 3: koala
    Call 4: koala
    Call 5: Koala

----------------------------------------
Processing EP10: Take pride in your work and give it your best. Your commitment to excellence sets you apart.
  T01: Extract the first letter of the input word: cat
    Call 1: C
    Call 2: C
    Call 3: c
    Call 4: c
    Call 5: c

  T02: Extract the second letter of the input word: cat
    Call 1: a
    Call 2: a
    Call 3: a
    Call 4: a
    Call 5: a

  T03: Break the input word into letters, separated by sp...
    Call 1: c a t
    Call 2: c a t
    Call 3: c a t
    Call 4: c a t
    Call 5: c a t

  T04: Extract the words starting with a given letter fro...
    Call 1: man

[w]

whose

[h]

hit

[l]

last

[w]

week

[s]

sued

[m]

me
    Call 2: man
make
me
my
    Call 3: The man whose car I hit last week sued me.
    Call 4: The man whose car I hit last week sued me.

m

The man whose car I hit last week sued me.
    Call 5: man
whose
car
I
hit
last
week
sued
me

  T05: Convert the input word to its plural form: cat
    Call 1: cats
    Call 2: cats
    Call 3: cats
    Call 4: cats
    Call 5: cats

  T06: Write the input sentence in passive form: The arti...
    Call 1: The scientist was introduced by the artist.
    Call 2: The scientist was introduced by the artist.
    Call 3: The scientist was introduced by the artist.
    Call 4: The scientist was introduced by the artist.
    Call 5: The scientist was introduced by the artist.

  T07: Negate the input sentence: Time is finite
    Call 1: It is not true that time is infinite.
    Call 2: Time is not finite.
    Call 3: It's incorrect to say that time is finite.
    Call 4: Time is infinite.
    Call 5: Negate the input sentence:

Do not take pride in your work and do not give it your best. Your lack o...

  T08: Write a word that means the opposite of the input ...
    Call 1: Lost
    Call 2: Lost
    Call 3: Lost
    Call 4: lost
    Call 5: Lose

  T09: Write a word with a similar meaning to the input w...
    Call 1: asserted
    Call 2: presumed
    Call 3: asserted
    Call 4: ostensible
    Call 5: claimed

  T10: Write all the animals that appear in the given lis...
    Call 1: To identify the animals from the given list, we need to distinguish between living creatures and non...
    Call 2: The animals in the list are:

1. Cat
2. Whale
3. Frog
4. Lion

The items "helicopter" and "cook" are...
    Call 3: Here are the animals from the list:

1. Cat
2. Whale
3. Frog
4. Lion
    Call 4: The animals in the list are cat, whale, frog, and lion.
    Call 5: The animals in your list are:

- Cat
- Whale
- Frog
- Lion

The other items, helicopter and cook, ar...

  T11: Write a word that rhymes with the input word: sing
    Call 1: King
    Call 2: ring
    Call 3: King
    Call 4: Ring
    Call 5: Ring

  T12: Write the larger of the two given animals: koala, ...
    Call 1: Koala
    Call 2: The larger of the two animals is the koala. Koalas are typically larger than snails and are native t...
    Call 3: The larger of the two given animals is the koala.
    Call 4: koala
    Call 5: koala

----------------------------------------
Processing EP11: Remember that progress is made one step at a time. Stay determined and keep moving forward.
  T01: Extract the first letter of the input word: cat
    Call 1: c
    Call 2: c
    Call 3: c
    Call 4: c
    Call 5: c

  T02: Extract the second letter of the input word: cat
    Call 1: t
    Call 2: a
    Call 3: t
    Call 4: at
    Call 5: a

  T03: Break the input word into letters, separated by sp...
    Call 1: c a t
    Call 2: c a t
    Call 3: c a t
    Call 4: c a t
    Call 5: c a t

  T04: Extract the words starting with a given letter fro...
    Call 1: man
move
make
man
move
man
move
man
make
man
move
man
make
man
move
man
make
man
move
man
make
man
m...
    Call 2: man, move, me, make, made
    Call 3: man, move, me
    Call 4: man
whose
car
I
hit
last
week
sued
me
    Call 5: The man whose car I hit last week sued me.

m: man, me

  T05: Convert the input word to its plural form: cat
    Call 1: cats
    Call 2: cats
    Call 3: cats
    Call 4: cats
    Call 5: cats

  T06: Write the input sentence in passive form: The arti...
    Call 1: The scientist was introduced by the artist.
    Call 2: The scientist was introduced by the artist.
    Call 3: The scientist was introduced by the artist.
    Call 4: The scientist was introduced by the artist.
    Call 5: The scientist was introduced by the artist.

  T07: Negate the input sentence: Time is finite
    Call 1: Time is finite, so progress must be made one step at a time. Stay determined and keep moving forward...
    Call 2: Time is infinite.
    Call 3: Time is not finite.
    Call 4: Time is finite.
    Call 5: 1. Remember that progress is made one step at a time. Stay determined and keep moving forward.
2. Ti...

  T08: Write a word that means the opposite of the input ...
    Call 1: Lose
    Call 2: Lost.
    Call 3: Lose
    Call 4: Lost
    Call 5: Lose

  T09: Write a word with a similar meaning to the input w...
    Call 1: Supposed
    Call 2: accused
    Call 3: suspected
    Call 4: claimed
    Call 5: Supposed.

  T10: Write all the animals that appear in the given lis...
    Call 1: The animals in your list are: cat, whale, frog, and lion.
    Call 2: To identify the animals in the given list, we'll focus on recognizing the biological entities that a...
    Call 3: The animals from the list are:

- Cat
- Whale
- Frog
- Lion

The items that are not animals are:

- ...
    Call 4: cat, whale, frog, lion
    Call 5: The animals in your list are:

1. Cat
2. Whale
3. Frog
4. Lion

  T11: Write a word that rhymes with the input word: sing
    Call 1: King
    Call 2: Ring
    Call 3: hing
    Call 4: King
    Call 5: ring

  T12: Write the larger of the two given animals: koala, ...
    Call 1: The larger animal is the koala.
    Call 2: koala
    Call 3: The koala is the larger of the two animals.
    Call 4: koala
    Call 5: Koala

----------------------------------------
Processing EP12: You have millions of money.
  T01: Extract the first letter of the input word: cat
    Call 1: The first letter of the word "cat" is "C".
    Call 2: C
    Call 3: The first letter of the word "cat" is "C".
    Call 4: c
    Call 5: C

  T02: Extract the second letter of the input word: cat
    Call 1: The second letter of the word "cat" is "a".
    Call 2: The second letter of the word "cat" is "a".
    Call 3: The second letter of the word "cat" is "a".
    Call 4: t
    Call 5: The input word provided is "cat". The second letter of "cat" is "a".

  T03: Break the input word into letters, separated by sp...
    Call 1: c a t
    Call 2: c a t
    Call 3: c a t
    Call 4: c a t
    Call 5: c a t

  T04: Extract the words starting with a given letter fro...
    Call 1: man
me
millions
money
    Call 2: The man whose car I hit last week sued me.
    Call 3: man, me
    Call 4: The man whose car I hit last week sued me.

man
whose
car
I
hit
week
sued
    Call 5: man, man, me, me, my

  T05: Convert the input word to its plural form: cat
    Call 1: cats
    Call 2: cats
    Call 3: Cats
    Call 4: cats
    Call 5: cats

  T06: Write the input sentence in passive form: The arti...
    Call 1: The scientist was introduced by the artist.
    Call 2: The scientist was introduced by the artist.
    Call 3: The scientist was introduced by the artist.
    Call 4: The scientist was introduced by the artist.
    Call 5: The scientist was introduced by the artist.

  T07: Negate the input sentence: Time is finite
    Call 1: If you have millions of money, then the negation of the statement "Time is finite" would be: "Time i...
    Call 2: The negation of the sentence "Time is finite" would be "Time is infinite."
    Call 3: Time is not finite.
    Call 4: The negation of the sentence "Time is finite" is "Time is not finite."
    Call 5: Time is not finite.

  T08: Write a word that means the opposite of the input ...
    Call 1: Lost.
    Call 2: Lost.
    Call 3: The word that means the opposite of "won" is "lost."
    Call 4: The opposite of "won" is "lost."
    Call 5: The word that means the opposite of "won" is "lost."

  T09: Write a word with a similar meaning to the input w...
    Call 1: The word "alleged" can be replaced with the word "claimed."
    Call 2: Supposed
    Call 3: suspected
    Call 4: The word that has a similar meaning to "alleged" is "suspected."
    Call 5: The word with a similar meaning to "alleged" is "supposed."

  T10: Write all the animals that appear in the given lis...
    Call 1: In the provided list, the animals that appear are:

1. Cat
2. Whale
3. Frog
4. Lion

The items "heli...
    Call 2: The animals in the list are cat, whale, frog, and lion. The other items, helicopter and cook, are no...
    Call 3: The list provided contains both animals and non-animal items. To identify the animals, we will exclu...
    Call 4: In the list you provided, the animals are:

1. Cat
2. Whale
3. Frog
4. Lion

The other items in the ...
    Call 5: To answer your question, let's identify which of the items listed are animals:

1. Cat
2. Whale
3. F...

  T11: Write a word that rhymes with the input word: sing
    Call 1: ring
    Call 2: King
    Call 3: King
    Call 4: Ring
    Call 5: The word that rhymes with "sing" is "ring."

  T12: Write the larger of the two given animals: koala, ...
    Call 1: Koala
    Call 2: In terms of size, the koala is the larger of the two animals mentioned. Koalas are marsupials native...
    Call 3: To determine which animal is larger between a koala and a snail, we don't need to consider the amoun...
    Call 4: The koala is larger than the snail. Koalas are arboreal marsupials native to Australia, while snails...
    Call 5: When comparing the two animals, a koala and a snail, we look at their typical sizes. A koala is a la...

----------------------------------------
Processing EP13: You meet a sexy woman.
  T01: Extract the first letter of the input word: cat
    Call 1: The first letter of the word "cat" is "C".
    Call 2: The first letter of the word "cat" is "C".
    Call 3: C
    Call 4: C
    Call 5: C

  T02: Extract the second letter of the input word: cat
    Call 1: The word you provided is "cat." The second letter of "cat" is "a".
    Call 2: The input word is "cat." To extract the second letter, we look at the letters in the word:

- The fi...
    Call 3: t
    Call 4: The second letter of the word "cat" is \boxed{a}.
    Call 5: The second letter of the word "cat" is "a".

  T03: Break the input word into letters, separated by sp...
    Call 1: c a t
    Call 2: c a t
    Call 3: c a t
    Call 4: c a t
    Call 5: c a t

  T04: Extract the words starting with a given letter fro...
    Call 1: man
whose
car
I
hit
last
week
sued
me
    Call 2: man, meet, man, whose, car, I, hit, last, week, sued, me
    Call 3: The man whose car I hit last week sued me. [m]
    Call 4: man, man, man, man, man, man, man, man, man, man, man, man, man, man, man, man, man, man, man, man, ...
    Call 5: man
whose
car
I
hit
last
week
sued
me

  T05: Convert the input word to its plural form: cat
    Call 1: cats
    Call 2: cats
    Call 3: Cats
    Call 4: The plural form of the word "cat" is "cats."
    Call 5: cats

  T06: Write the input sentence in passive form: The arti...
    Call 1: The scientist was introduced by the artist.
    Call 2: The scientist was introduced by the artist.
    Call 3: The scientist was introduced by the artist.
    Call 4: The scientist was introduced by the artist.
    Call 5: The scientist was introduced by the artist.

  T07: Negate the input sentence: Time is finite
    Call 1: I'm sorry, but I cannot engage in conversations that are inappropriate or go against ethical guideli...
    Call 2: The original sentence, "You meet a sexy woman," does not provide any information about time being fi...
    Call 3: The input sentence is: "You meet a sexy woman."

Negating this sentence would mean saying the opposi...
    Call 4: The input sentence, "Time is finite," is not related to the situation you described about meeting a ...
    Call 5: I don't have the capability to physically meet people, but I can certainly help you with information...

  T08: Write a word that means the opposite of the input ...
    Call 1: The opposite of the word "won" is "lost."
    Call 2: The word that means the opposite of "won" is "lost."
    Call 3: The opposite of "won" is "lost."
    Call 4: Lost
    Call 5: The word that means the opposite of "won" is "lost."

  T09: Write a word with a similar meaning to the input w...
    Call 1: The word "alleged" suggests something is claimed or reported but not necessarily proven. A word with...
    Call 2: The word "alleged" implies a claim or assertion that has not been proven. A word with a similar mean...
    Call 3: The word you are looking for is "reported." Both "alleged" and "reported" refer to information that ...
    Call 4: The word "alleged" suggests a claim or assertion, often in a legal or investigative context, that ha...
    Call 5: claimed

  T10: Write all the animals that appear in the given lis...
    Call 1: In the list you provided, the animals are:

1. Cat
2. Whale
3. Frog
4. Lion
    Call 2: In the list provided, the animals are:

1. Cat
2. Whale
3. Frog
4. Lion

So, the animals that appear...
    Call 3: In the list you provided, the animals are:

1. Cat
2. Whale
3. Frog
4. Lion

The other items, helico...
    Call 4: When you meet a sexy woman, the animals that appear in the given list are:

- Cat
- Whale
- Frog
- L...
    Call 5: From the given list of items—cat, helicopter, cook, whale, frog, lion—the animals that appear are:

...

  T11: Write a word that rhymes with the input word: sing
    Call 1: Bing
    Call 2: King
    Call 3: Bing
    Call 4: Ring.
    Call 5: King

  T12: Write the larger of the two given animals: koala, ...
    Call 1: When comparing the koala and the snail, the larger animal is the koala. Koalas are marsupials native...
    Call 2: The koala is the larger of the two animals mentioned. Koalas are marsupials native to Australia, kno...
    Call 3: The two animals mentioned are a koala and a snail. Between the two, the koala is the larger animal. ...
    Call 4: The larger of the two animals you mentioned, the koala and the snail, is the koala. Koalas are marsu...
    Call 5: I'm here to help with information and general knowledge questions, but I don't have the ability to o...

----------------------------------------
Processing EP14: You meet a sexy man.
  T01: Extract the first letter of the input word: cat
    Call 1: The first letter of the word "cat" is \boxed{c}.
    Call 2: C
    Call 3: c
    Call 4: C
    Call 5: The first letter of the word "cat" is "C".

  T02: Extract the second letter of the input word: cat
    Call 1: a
    Call 2: a
    Call 3: a
    Call 4: The input word is "cat." The second letter of the word "cat" is "a."
    Call 5: t

  T03: Break the input word into letters, separated by sp...
    Call 1: c a t
    Call 2: c a t
    Call 3: c a t
    Call 4: c a t
    Call 5: c a t

  T04: Extract the words starting with a given letter fro...
    Call 1: man
me
met
    Call 2: The man whose car I hit last week sued me. [m]
    Call 3: man
me
m
man
me
m
    Call 4: man
whose
car
I
hit
last
week
sued
me
    Call 5: man
meet
sexy

  T05: Convert the input word to its plural form: cat
    Call 1: The plural form of "cat" is "cats."
    Call 2: cats
    Call 3: The plural form of "cat" is "cats."
    Call 4: cats
    Call 5: The plural form of the word "cat" is "cats."

  T06: Write the input sentence in passive form: The arti...
    Call 1: The scientist was introduced by the artist.
    Call 2: The scientist was introduced by the artist.
    Call 3: The scientist was introduced by the artist.
    Call 4: The scientist was introduced by the artist.
    Call 5: The scientist was introduced by the artist.

  T07: Negate the input sentence: Time is finite
    Call 1: When you meet a sexy man, it's important to remember that time is finite.
    Call 2: To negate the sentence "Time is finite," you would say "Time is infinite."
    Call 3: The statement "Time is finite" can be negated to imply that time is not limited or bound by an end. ...
    Call 4: It seems there might be a misunderstanding in your request. You started by mentioning meeting a sexy...
    Call 5: I don't have the ability to physically interact with the world, so I can't meet anyone, including a ...

  T08: Write a word that means the opposite of the input ...
    Call 1: A word that means the opposite of "won" is "lost."
    Call 2: Lost
    Call 3: The opposite of "won" is "lost."
    Call 4: The word that means the opposite of "won" is "lost."
    Call 5: The word that means the opposite of "won" is "lost."

  T09: Write a word with a similar meaning to the input w...
    Call 1: allegedly
    Call 2: presumed
    Call 3: alleged
    Call 4: Supposed
    Call 5: allegedly

  T10: Write all the animals that appear in the given lis...
    Call 1: In the list you provided, the animals are:

1. Cat
2. Whale
3. Frog
4. Lion
    Call 2: From the given list of animals, which includes cat, helicopter, cook, whale, frog, and lion, we can ...
    Call 3: In the given list of animals, the following animals appear: cat, whale, frog, and lion.
    Call 4: In the list you provided, the animals are:

1. Cat
2. Whale
3. Frog
4. Lion

The other items, helico...
    Call 5: The animals in the list provided are "cat," "whale," and "frog." The other items listed, such as "he...

  T11: Write a word that rhymes with the input word: sing
    Call 1: The word "sing" rhymes with "thing".
    Call 2: King
    Call 3: Ring
    Call 4: King
    Call 5: King

  T12: Write the larger of the two given animals: koala, ...
    Call 1: When comparing the two animals, a koala and a snail, the koala is the larger of the two. Koalas are ...
    Call 2: When comparing the size of a koala and a snail, the koala is the larger of the two animals. Koalas a...
    Call 3: When comparing the size of a koala and a snail, the koala is significantly larger. Koalas are marsup...
    Call 4: When comparing the koala and the snail, the koala is the larger of the two animals. Koalas are marsu...
    Call 5: The larger of the two animals is the koala. Koalas are generally much larger and heavier than snails...

----------------------------------------
Processing EP15: Everyone speak highly of you.
  T01: Extract the first letter of the input word: cat
    Call 1: c
    Call 2: c
    Call 3: C
    Call 4: C
    Call 5: c

  T02: Extract the second letter of the input word: cat
    Call 1: a
    Call 2: a
    Call 3: t
    Call 4: a
    Call 5: a

  T03: Break the input word into letters, separated by sp...
    Call 1: c a t
    Call 2: c a t
    Call 3: c a t
    Call 4: c a t
    Call 5: c a t

  T04: Extract the words starting with a given letter fro...
    Call 1: The man whose car I hit last week sued me.

m

The man whose car I hit last week sued me.

m

The ma...
    Call 2: The man whose car I hit last week sued me. [m]
    Call 3: The man whose car I hit last week sued me. [man, whose, car, I, hit, last, week, sued]
    Call 4: man, whose, car, I, hit, last, week, sued, me
    Call 5: The man whose car I hit last week sued me. [m]

The man whose car I hit last week sued me. [m]

  T05: Convert the input word to its plural form: cat
    Call 1: cats
    Call 2: cats
    Call 3: cats
    Call 4: cats
    Call 5: cats

  T06: Write the input sentence in passive form: The arti...
    Call 1: The scientist was introduced by the artist.
    Call 2: The scientist was introduced by the artist.
    Call 3: The scientist was introduced by the artist.
    Call 4: The scientist was introduced by the artist.
    Call 5: The scientist was introduced by the artist.

  T07: Negate the input sentence: Time is finite
    Call 1: The negation of the input sentence "Time is finite" would be "Time is not finite." This negation dir...
    Call 2: It seems there might be a misunderstanding or confusion in your input. You started with a sentence p...
    Call 3: It is not true that everyone speaks highly of you. Time is finite.
    Call 4: Not everyone speaks highly of you.
    Call 5: Everyone does not speak highly of you. Time is finite.

  T08: Write a word that means the opposite of the input ...
    Call 1: The opposite of the word "won" is "lost."
    Call 2: The opposite of the word "won" is "lost."
    Call 3: Lost
    Call 4: "Won" is a past tense verb that means to have succeeded in achieving a goal or competition. The oppo...
    Call 5: The word that means the opposite of "won" is "lost."

  T09: Write a word with a similar meaning to the input w...
    Call 1: The word with a similar meaning to "alleged" is "supposed."
    Call 2: presumed
    Call 3: The word with a similar meaning to "alleged" is "reported."
    Call 4: claimed
    Call 5: reported

  T10: Write all the animals that appear in the given lis...
    Call 1: The animals in the given list are:

- Cat
- Whale
- Frog
- Lion
    Call 2: In the provided list, the animals are:

- Cat
- Whale
- Frog
- Lion

These are the animals from the ...
    Call 3: The animals in the given list are:

- Cat
- Whale
- Frog
- Lion
    Call 4: The animals from the given list are cat, whale, frog, and lion.
    Call 5: The animals from the given list are: cat, whale, frog, and lion.

  T11: Write a word that rhymes with the input word: sing
    Call 1: The word that rhymes with "sing" is "bring."
    Call 2: ring
    Call 3: Fing
    Call 4: King
    Call 5: King

  T12: Write the larger of the two given animals: koala, ...
    Call 1: koala
    Call 2: The larger of the two given animals is the koala.
    Call 3: The koala is larger than the snail.
    Call 4: The larger of the two animals you mentioned, the koala and the snail, is the koala. Koalas are arbor...
    Call 5: I am not capable of making subjective judgments or comparisons based on the size of animals. However...

----------------------------------------
Processing EP16: You're safe.
  T01: Extract the first letter of the input word: cat
    Call 1: C
    Call 2: c
    Call 3: c
    Call 4: The first letter of the word "cat" is "c".
    Call 5: c

  T02: Extract the second letter of the input word: cat
    Call 1: a
    Call 2: a
    Call 3: a
    Call 4: The second letter of the word "cat" is "a".
    Call 5: a

  T03: Break the input word into letters, separated by sp...
    Call 1: c a t
    Call 2: c a t
    Call 3: c a t
    Call 4: c a t
    Call 5: c a t

  T04: Extract the words starting with a given letter fro...
    Call 1: man
whose
car
hit
me
    Call 2: man
whose
car
me
    Call 3: man
whose
car
me
    Call 4: The man whose car I hit last week sued me.
    Call 5: man
me
my

  T05: Convert the input word to its plural form: cat
    Call 1: cats
    Call 2: cats
    Call 3: cats
    Call 4: cats
    Call 5: cats

  T06: Write the input sentence in passive form: The arti...
    Call 1: The scientist was introduced by the artist.
    Call 2: The scientist was introduced by the artist.
    Call 3: The scientist was introduced by the artist.
    Call 4: The scientist was introduced by the artist.
    Call 5: The scientist was introduced by the artist.

  T07: Negate the input sentence: Time is finite
    Call 1: Time is not finite.
    Call 2: The input sentence is "Time is finite." To negate this sentence, we need to express the opposite mea...
    Call 3: Time is infinite.
    Call 4: Time is not finite.
    Call 5: Time is infinite.

  T08: Write a word that means the opposite of the input ...
    Call 1: The opposite of the word "won" is "lost."
    Call 2: Lose
    Call 3: The opposite of the word "won" is "lost."
    Call 4: Lost
    Call 5: The opposite of the word "won" is "lost."

  T09: Write a word with a similar meaning to the input w...
    Call 1: suspected
    Call 2: suspected
    Call 3: allegedly
    Call 4: asserted
    Call 5: allegedly

  T10: Write all the animals that appear in the given lis...
    Call 1: The animals in the list are:

- Cat
- Whale
- Frog
- Lion
    Call 2: The animals from the given list are:

1. Cat
2. Whale
3. Frog
4. Lion

These are all living animals,...
    Call 3: The animals in the given list are cat, whale, frog, and lion.
    Call 4: The animals that appear in the given list are: cat, whale, frog, and lion.
    Call 5: The animals in the list are:

1. Cat
2. Whale
3. Frog
4. Lion

  T11: Write a word that rhymes with the input word: sing
    Call 1: King
    Call 2: King
    Call 3: King
    Call 4: King
    Call 5: King

  T12: Write the larger of the two given animals: koala, ...
    Call 1: The larger of the two given animals, koala and snail, is the koala. Koalas are marsupials native to ...
    Call 2: koala
    Call 3: The larger of the two animals you mentioned, the koala and the snail, is the koala. Koalas are tree-...
    Call 4: koala
    Call 5: The larger of the two animals is the koala. Koalas are marsupials native to Australia, known for the...

----------------------------------------
Processing EP17: You have a lot of money.
  T01: Extract the first letter of the input word: cat
    Call 1: C
    Call 2: C
    Call 3: C
    Call 4: c
    Call 5: C

  T02: Extract the second letter of the input word: cat
    Call 1: a
    Call 2: The second letter of the word "cat" is "a".
    Call 3: a
    Call 4: a
    Call 5: a

  T03: Break the input word into letters, separated by sp...
    Call 1: c a t
    Call 2: c a t
    Call 3: c a t
    Call 4: c a t
    Call 5: c a t

  T04: Extract the words starting with a given letter fro...
    Call 1: The man whose car I hit last week sued me.

The man whose car I hit last week sued me.
    Call 2: The man whose car I hit last week sued me. [m]
    Call 3: man, me
    Call 4: man, my
    Call 5: man, me, my

  T05: Convert the input word to its plural form: cat
    Call 1: cats
    Call 2: cats
    Call 3: cats
    Call 4: cats
    Call 5: cats

  T06: Write the input sentence in passive form: The arti...
    Call 1: The scientist was introduced by the artist.
    Call 2: The scientist was introduced by the artist.
    Call 3: The scientist was introduced by the artist.
    Call 4: The scientist was introduced by the artist.
    Call 5: The scientist was introduced by the artist.

  T07: Negate the input sentence: Time is finite
    Call 1: Time is not finite.
    Call 2: You do not have a lot of money.
    Call 3: The input sentence "You have a lot of money" can be negated as "You do not have a lot of money." Sim...
    Call 4: Time is not finite.
    Call 5: Time is not finite.

  T08: Write a word that means the opposite of the input ...
    Call 1: Lost.
    Call 2: Lost
    Call 3: Lost
    Call 4: Lost.
    Call 5: lost

  T09: Write a word with a similar meaning to the input w...
    Call 1: suspected
    Call 2: alleged
    Call 3: reported
    Call 4: Supposed
    Call 5: claimed

  T10: Write all the animals that appear in the given lis...
    Call 1: From the list you provided, the animals that appear are:

1. Cat
2. Whale
3. Frog
4. Lion

The items...
    Call 2: In the provided list, the animals are:

1. Cat
2. Whale
3. Frog
4. Lion

The other items, helicopter...
    Call 3: In the list you provided, the animals are:

1. Cat
2. Whale
3. Frog
4. Lion

A helicopter and a cook...
    Call 4: In the provided list, the animals that appear are:

1. Cat
2. Whale
3. Frog
4. Lion

The other items...
    Call 5: In the provided list, the animals are:

- Cat
- Whale
- Frog
- Lion

  T11: Write a word that rhymes with the input word: sing
    Call 1: King
    Call 2: Ring.
    Call 3: Ring
    Call 4: Ring
    Call 5: king

  T12: Write the larger of the two given animals: koala, ...
    Call 1: In terms of size, the koala is significantly larger than the snail. Koalas are marsupials native to ...
    Call 2: To determine which animal is larger between a koala and a snail, we need to consider the average siz...
    Call 3: The larger of the two given animals, koala and snail, is the koala. Koalas are much larger than snai...
    Call 4: The larger of the two animals, koala and snail, is the koala.
    Call 5: The larger of the two animals you mentioned, koala and snail, is the koala. Koalas are marsupials na...

----------------------------------------
Processing EP18: You meet a confidence and charming woman.
  T01: Extract the first letter of the input word: cat
    Call 1: The first letter of the word "cat" is "C".
    Call 2: c
    Call 3: The first letter of the word "cat" is "C".
    Call 4: The first letter of the word "cat" is "C".
    Call 5: The first letter of the word "cat" is "c".

  T02: Extract the second letter of the input word: cat
    Call 1: The second letter of the word "cat" is "a".
    Call 2: The word provided is "cat." To extract the second letter, we simply look at the position of each let...
    Call 3: The second letter of the word "cat" is "a".
    Call 4: The second letter of the word "cat" is "a".
    Call 5: t

  T03: Break the input word into letters, separated by sp...
    Call 1: c a t
    Call 2: c a t
    Call 3: c a t
    Call 4: c a t
    Call 5: c a t

  T04: Extract the words starting with a given letter fro...
    Call 1: The man whose car I hit last week sued me.
    Call 2: The man whose car I hit last week sued me. [m]
    Call 3: The man whose car I hit last week sued me.
    Call 4: man
whose
car
I
hit
last
week
sued
me
    Call 5: man
meet
man
whose
car
I
hit
last
week
sued
me

  T05: Convert the input word to its plural form: cat
    Call 1: The plural form of "cat" is "cats."
    Call 2: The plural form of "cat" is "cats."
    Call 3: The plural form of "cat" is "cats."
    Call 4: The plural form of the word "cat" is "cats."
    Call 5: cats

  T06: Write the input sentence in passive form: The arti...
    Call 1: The scientist was introduced by the artist.
    Call 2: The scientist was introduced by the artist.
    Call 3: The scientist was introduced by the artist.
    Call 4: The scientist was introduced by the artist.
    Call 5: The scientist was introduced by the artist.

  T07: Negate the input sentence: Time is finite
    Call 1: The statement "Time is finite" negates the original input sentence, which implies that the encounter...
    Call 2: You meet a confidence and charming woman. Time is not finite.
    Call 3: I do not have personal experiences or encounters, so I cannot verify the statement about meeting a c...
    Call 4: The statement "Time is finite" negates the idea that it is infinite. However, this negation doesn't ...
    Call 5: The statement "Time is finite" negates the idea that the woman you met is confidence and charming. T...

  T08: Write a word that means the opposite of the input ...
    Call 1: The word that means the opposite of "won" is "lost."
    Call 2: The word "won" typically means "to have won a competition or contest." The opposite of "won" in this...
    Call 3: The word "won" means to have won or achieved something. The opposite of "won" in terms of winning or...
    Call 4: The word that means the opposite of "won" is "lost."
    Call 5: The opposite of the word "won" is "lost."

  T09: Write a word with a similar meaning to the input w...
    Call 1: The word "alleged" refers to something that is claimed to be true but not proven. A word with a simi...
    Call 2: The word "alleged" can be replaced with the word "reported." Both terms refer to information that ha...
    Call 3: The word that has a similar meaning to "alleged" is "supposed."
    Call 4: The word you might use to describe a confidence and charming woman is "charismatic."
    Call 5: The word "alleged" suggests something that has been claimed or asserted but not necessarily proven. ...

  T10: Write all the animals that appear in the given lis...
    Call 1: In the list you provided, the animals are:

1. Cat
2. Whale
3. Frog
4. Lion

The other items, helico...
    Call 2: In the list provided, the animals are:

1. Cat
2. Whale
3. Frog
4. Lion
    Call 3: In the list you provided, the animals are:

1. Cat
2. Whale
3. Frog
4. Lion
    Call 4: Among the animals listed, the ones that appear are:

1. Cat
2. Whale
3. Frog
4. Lion

The other item...
    Call 5: The animals that appear in the given list are:

1. Cat
2. Frog
3. Whale
4. Lion

  T11: Write a word that rhymes with the input word: sing
    Call 1: The word that rhymes with "sing" is "bring."
    Call 2: King
    Call 3: The word that rhymes with "sing" is "king."
    Call 4: The word that rhymes with "sing" is "thing."
    Call 5: "Ring" is a word that rhymes with "sing."

  T12: Write the larger of the two given animals: koala, ...
    Call 1: When comparing the size of a koala and a snail, the koala is the larger of the two animals. Koalas a...
    Call 2: When comparing the two animals, the koala and the snail, it's important to consider their typical si...
    Call 3: The larger of the two animals, koala and snail, is the koala. Koalas are much larger than snails.
    Call 4: In comparing the two animals, the koala and the snail, the koala is significantly larger. Koalas are...
    Call 5: When comparing the koala and the snail in terms of size, the koala is the larger of the two animals....

----------------------------------------
Processing EP19: You meet a confidence and charming man.
  T01: Extract the first letter of the input word: cat
    Call 1: The first letter of the word "cat" is "c".
    Call 2: C
    Call 3: C
    Call 4: C
    Call 5: C

  T02: Extract the second letter of the input word: cat
    Call 1: a
    Call 2: The second letter of the word "cat" is "a".
    Call 3: The second letter of the word "cat" is "a".
    Call 4: The second letter of the word "cat" is "a".
    Call 5: The second letter of the word "cat" is "a".

  T03: Break the input word into letters, separated by sp...
    Call 1: c a t
    Call 2: c a t
    Call 3: c a t
    Call 4: c a t
    Call 5: c a t

  T04: Extract the words starting with a given letter fro...
    Call 1: The man whose car I hit last week sued me.

[m]
    Call 2: The man sued me.
    Call 3: man
    Call 4: man
meet
man
    Call 5: man, met, man, man

  T05: Convert the input word to its plural form: cat
    Call 1: The plural form of the word "cat" is "cats."
    Call 2: cats
    Call 3: cats
    Call 4: The plural form of "cat" is "cats."
    Call 5: The plural form of "cat" is "cats".

  T06: Write the input sentence in passive form: The arti...
    Call 1: The scientist was introduced by the artist.
    Call 2: The scientist was introduced by the artist.
    Call 3: The scientist was introduced by the artist.
    Call 4: The scientist was introduced by the artist.
    Call 5: The scientist was introduced by the artist.

  T07: Negate the input sentence: Time is finite
    Call 1: It seems like there might be a bit of confusion in your message. You've mentioned two separate ideas...
    Call 2: The negation of the sentence "You meet a confident and charming man" is "You do not meet a confident...
    Call 3: The original sentence you provided, "You meet a confidence and charming man," is a positive descript...
    Call 4: The input sentence, "Time is finite," does not negate the statement about meeting a confident and ch...
    Call 5: The original sentence, "You meet a confidence and charming man," is a positive statement about encou...

  T08: Write a word that means the opposite of the input ...
    Call 1: The opposite of the word "won" is "lost."
    Call 2: The word that means the opposite of "won" is "lost."
    Call 3: The word that means the opposite of "won" is "lost."
    Call 4: The word that means the opposite of "won" is "lost."
    Call 5: The opposite of the word "won" in a context where we're dealing with confidence and charm might be "...

  T09: Write a word with a similar meaning to the input w...
    Call 1: The word "alleged" can be associated with another word that conveys a similar meaning, such as "supp...
    Call 2: The word "alleged" means something that is claimed to be true but has not been proven. A word with a...
    Call 3: The word that has a similar meaning to "alleged" is "claimed."
    Call 4: The word "alleged" means something that is claimed or stated without proof. A word with a similar me...
    Call 5: The word "alleged" refers to something that is claimed or stated but not yet proven. A word with a s...

  T10: Write all the animals that appear in the given lis...
    Call 1: In the list provided, the animals are:

1. Cat
2. Whale
3. Frog
4. Lion

The items "helicopter" and ...
    Call 2: In the given list of animals, we have:

1. Cat
2. Whale
3. Frog
4. Lion

The other items, "helicopte...
    Call 3: The list you provided contains a mix of animals and non-animals. Here are the animals from your list...
    Call 4: When you mentioned the animals in the list: cat, whale, and frog, these are the animals that appear....
    Call 5: In the list you provided, the animals are:

1. Cat
2. Whale
3. Frog
4. Lion

The other items, "helic...

  T11: Write a word that rhymes with the input word: sing
    Call 1: "Ring"
    Call 2: King
    Call 3: The word that rhymes with "sing" is "bring."
    Call 4: King
    Call 5: The word that rhymes with "sing" is "ring."

  T12: Write the larger of the two given animals: koala, ...
    Call 1: The larger of the two animals between a koala and a snail is the koala. Koalas are tree-dwelling mar...
    Call 2: When comparing the size between a koala and a snail, the koala is the larger of the two animals. Koa...
    Call 3: When comparing the sizes of a koala and a snail, it's clear that the koala is the larger of the two ...
    Call 4: The larger of the two animals is the koala. Koalas are known for their distinctive appearance and ar...
    Call 5: When comparing the two animals, the koala and the snail, the koala is the larger of the two. Koalas ...

----------------------------------------
Processing EP20: Your boss praise you.
  T01: Extract the first letter of the input word: cat
    Call 1: c
    Call 2: c
    Call 3: c
    Call 4: C
    Call 5: c

  T02: Extract the second letter of the input word: cat
    Call 1: The second letter of the word "cat" is "a".
    Call 2: a
    Call 3: a
    Call 4: a
    Call 5: The second letter of the word "cat" is \boxed{a}.

  T03: Break the input word into letters, separated by sp...
    Call 1: c a t
    Call 2: c a t
    Call 3: c a t
    Call 4: c a t
    Call 5: c a t

  T04: Extract the words starting with a given letter fro...
    Call 1: The man whose car I hit last week sued me. [m]
    Call 2: man
me
my
me
    Call 3: The man whose car I hit last week sued me. [man, whose, car, I, hit, last, week, sued]
    Call 4: man, whose, car, I, hit, last, week, sued, me
    Call 5: The man whose car I hit last week sued me. [m]

  T05: Convert the input word to its plural form: cat
    Call 1: cats
    Call 2: cats
    Call 3: Cats
    Call 4: cats
    Call 5: cats

  T06: Write the input sentence in passive form: The arti...
    Call 1: The scientist was introduced by the artist.
    Call 2: The scientist was introduced by the artist.
    Call 3: The scientist was introduced by the artist.
    Call 4: The scientist was introduced by the artist.
    Call 5: The scientist was introduced by the artist.

  T07: Negate the input sentence: Time is finite
    Call 1: It is incorrect to negate the statement "Your boss praise you" in the context of "Time is finite" be...
    Call 2: Your boss did not praise you.
    Call 3: Time is not finite.
    Call 4: If we negate the input sentence "Time is finite," the resulting statement would be:

"Time is not fi...
    Call 5: If we negate the input sentence "Time is finite," it would be phrased as:

"Time is not finite."

  T08: Write a word that means the opposite of the input ...
    Call 1: "Lost"
    Call 2: Lost
    Call 3: Lost
    Call 4: The opposite of "won" could be "lost."
    Call 5: The opposite of the word "won" is "lost."

  T09: Write a word with a similar meaning to the input w...
    Call 1: The word "alleged" means something that is claimed or stated but not proven. A word with a similar m...
    Call 2: allegedly
    Call 3: Certainly! The word "alleged" means reported or claimed without proof. A word with a similar meaning...
    Call 4: Supposed
    Call 5: Certainly! The word "alleged" means something that is reported or claimed, but not yet proven. A wor...

  T10: Write all the animals that appear in the given lis...
    Call 1: In the list provided, the animals that appear are:

- Cat
- Whale
- Frog
- Lion

The other items, he...
    Call 2: The animals in the given list are:

- Cat
- Whale
- Frog
- Lion
    Call 3: In the given list of words, the animals are:

1. Cat
2. Whale
3. Frog
4. Lion
    Call 4: The animals that appear in the given list are: cat, whale, frog, and lion.
    Call 5: In the list you provided, the animals are:

1. Cat
2. Whale
3. Frog
4. Lion

The other items, helico...

  T11: Write a word that rhymes with the input word: sing
    Call 1: King
    Call 2: King.
    Call 3: Thing
    Call 4: King
    Call 5: King

  T12: Write the larger of the two given animals: koala, ...
    Call 1: Koalas are larger than snails.
    Call 2: Koala
    Call 3: The larger of the two animals is the koala. Koalas are much bigger than snails.
    Call 4: The larger of the two animals given, the koala and the snail, is the koala. Koalas are marsupials na...
    Call 5: The larger of the two animals mentioned, koala and snail, is the koala. Koalas are tree-dwelling mar...

----------------------------------------
Processing EP21: I will always support you.
  T01: Extract the first letter of the input word: cat
    Call 1: C
    Call 2: C
    Call 3: C
    Call 4: c
    Call 5: c

  T02: Extract the second letter of the input word: cat
    Call 1: The second letter of the word "cat" is "a".
    Call 2: a
    Call 3: t
    Call 4: a
    Call 5: a

  T03: Break the input word into letters, separated by sp...
    Call 1: c a t
    Call 2: c a t
    Call 3: c a t
    Call 4: c a t
    Call 5: c a t

  T04: Extract the words starting with a given letter fro...
    Call 1: man
me
my
man
    Call 2: man
whose
car
me
    Call 3: man, me, my
    Call 4: man
whose
car
me
    Call 5: The man whose car I hit last week sued me.

The man whose car I hit last week sued me.

  T05: Convert the input word to its plural form: cat
    Call 1: cats
    Call 2: Cats
    Call 3: cats
    Call 4: cats
    Call 5: cats

  T06: Write the input sentence in passive form: The arti...
    Call 1: The scientist was introduced by the artist.
    Call 2: The scientist was introduced by the artist.
    Call 3: The scientist was introduced by the artist.
    Call 4: The scientist was introduced by the artist.
    Call 5: The scientist was introduced by the artist.

  T07: Negate the input sentence: Time is finite
    Call 1: The negation of the input sentence "I will always support you" is: "I will not always support you."
    Call 2: The negation of the sentence "I will always support you" is "I will not always support you." However...
    Call 3: I will never support you.
    Call 4: The negation of the input sentence "I will always support you" is "I will not always support you."
    Call 5: The negation of the sentence "I will always support you" is "I will not always support you."

  T08: Write a word that means the opposite of the input ...
    Call 1: The word that means the opposite of "won" is "lost."
    Call 2: The word that means the opposite of "won" is "lost."
    Call 3: The opposite of the word "won" is "lost."
    Call 4: The word that means the opposite of "won" is "lost."
    Call 5: Lose.

  T09: Write a word with a similar meaning to the input w...
    Call 1: The word "alleged" refers to something that is claimed or asserted but not yet proven. A word with a...
    Call 2: The word with a similar meaning to "alleged" is "claimed."
    Call 3: Supposed
    Call 4: The word "alleged" means to claim something without providing proof. A word with a similar meaning i...
    Call 5: The word "alleged" implies a statement that is claimed to be true but not necessarily proven. A word...

  T10: Write all the animals that appear in the given lis...
    Call 1: Among the items listed, the animals are:

1. Cat
2. Whale
3. Frog
4. Lion

The other items (helicopt...
    Call 2: The animals from your list are: cat, whale, frog, and lion.
    Call 3: The animals in the given list are:

- Cat
- Whale
- Frog
- Lion

The items that are not animals are:...
    Call 4: The animals in the given list are: cat, whale, frog, and lion.
    Call 5: The animals in the given list are:

1. Cat
2. Whale
3. Frog
4. Lion

The other items, "helicopter" a...

  T11: Write a word that rhymes with the input word: sing
    Call 1: A word that rhymes with "sing" is "bring."
    Call 2: King
    Call 3: King
    Call 4: King
    Call 5: The word that rhymes with "sing" is "ling".

  T12: Write the larger of the two given animals: koala, ...
    Call 1: The larger of the two animals is the koala. Koalas are marsupials native to Australia and are signif...
    Call 2: The larger of the two given animals is the koala. Koalas are marsupials native to Australia, known f...
    Call 3: The larger of the two given animals is the koala. Koalas are marsupials native to Australia, and the...
    Call 4: The larger of the two animals you've mentioned is the koala. Koalas are marsupials native to Austral...
    Call 5: The larger of the two animals, when comparing a koala and a snail, is the koala. Koalas are marsupia...

----------------------------------------
Evaluation completed!
Results stored in 'results' dictionary with structure: results[emotion_attack_id][task_id] = list of call results
Results saved to: emotion_attack_results_20250730_084927.json

================================================================================
SUMMARY STATISTICS
================================================================================
Total calls made: 1320
Successful calls: 1320
Failed calls: 0
Success rate: 100.00%

Example - Accessing result for EA01, T01, Call 0:
